[dotenv@17.2.3] injecting env (24) from .env -- tip: ­ƒöÉ prevent building .env in docker: https://dotenvx.com/prebuild
[dotenv@17.2.3] injecting env (0) from .env -- tip: ­ƒöÉ prevent committing .env to code: https://dotenvx.com/precommit
Starting Low Stock Notification Test...
Using Tenant ID: 1
Created product 81 with stock 6
node.exe : Failed to 
trigger stock 
notification error: 
column 
"min_stock_level" 
does not exist
At line:1 char:1
+ & "C:\Program Files\
nodejs/node.exe" 
"C:\Program 
Files\nodejs/node_mo 
...
+ ~~~~~~~~~~~~~~~~~~~~
~~~~~~~~~~~~~~~~~~~~~~
~~~~~~~~~~~~~~~~~~~~~~
~~~~~
    + CategoryInfo    
          : NotSpeci  
  fied: (Failed to    
 trigg... does not    
 exist:String) []    
, RemoteException
    + FullyQualifiedE 
   rrorId : NativeCo  
  mmandError
 
    at C:\Users\Admin\
Documents\projects\Dig
itBill\backend\node_mo
dules\pg-pool\index.js
:45:11
    at processTicksAnd
Rejections (node:inter
nal/process/task_queue
s:103:5) {
  length: 115,
  severity: 'ERROR',
  code: '42703',
  detail: undefined,
  hint: undefined,
  position: '37',
  internalPosition: 
undefined,
  internalQuery: 
undefined,
  where: undefined,
  schema: undefined,
  table: undefined,
  column: undefined,
  dataType: undefined,
  constraint: 
undefined,
  file: 
'parse_relation.c',
  line: '3716',
  routine: 
'errorMissingColumn'
}
Recorded movement -2
FAILURE: No 
notification found in 
DB.
Test Error Details:
Message: update or 
delete on table 
"products" violates 
foreign key 
constraint "inventory_
movements_product_id_f
key" on table 
"inventory_movements"
Code: 23503
Constraint: inventory_
movements_product_id_f
key
Detail: Key (id)=(81) 
is still referenced 
from table 
"inventory_movements".
